GAMS 24.4.6  r52609 Released Jun 26, 2015 WEX-WEI x86 64bit/MS Windows 03/03/17 09:16:13 Page 1
EcoMod1E
C o m p i l a t i o n


   2   
       
               == = = = = = = = = = = = = = = = = = = = = = = = = = = = = = =
               =                            EcoMod1E                          =
               =                                                            =
               =                              by                            =
               =                    Prof. Ali H. BAYAR                      =
               =                          EcoMod                            =
               =             Global Economic Modeling Network               =
               =                                                            =
               =                    Ali.Bayar@ecomod.net                    =
               =                       www.ecomod.net                       =
               == = = = = = = = = = = = = = = = = = = = = = = = = = = = = = =
       
       
      Purpose:
           EcoMod1E calibrates parameters of an economy with the following
           characteristics:
              -one household with Cobb-Douglas utility function
              -two commodities, used in production and consumption
              -two production factors: capital,labor
              -two firms with Cobb-Douglas technology in value added
                 - No intermediate inputs (==>> gross output = value added)
                 -Cobb-Douglas aggregator function for capital and labor
                 -capital and labor are mobile among sectors and exogenously fix
      ed
              -no savings and investment
              -no government
              -closed economy
       
      EcoMod notational conventions:
       
              -scalars, parameters and data are in lower case
              -VARIABLES (and their initial levels) and EQUATION names are in
               CAPITAL letters
              -EQUATION names always begin with EQ
              -initial values of variables and parameters are indicated with Z
               added to their names
       
      Commands for running code on Mac
      cd /users/sam/dropbox/EcomodTraining/EcoMod1E
      /users/sam/GAMSMacOS/gams EcoMod1E pw=150 ps=9999
  45   
  46  * GAMS-code: DECLARATION and INITIAL VALUES
  47   
  48  *   The following variables should be declared, assigned initial values
  49  *   and used in a model explaining the outcome of the economy as depicted
  50  *   in the given database:
  51  *
  52  *    - PK, PL, PD(sec):         prices of primary factors and of commoditi
      es
  53  *    - KS, LS, XD(sec):         primary factor endowments and supply of
  54  *                               commodities
  55  *    - K(sec), L(sec), C(sec):  primary factor demand and consumer demand
  56  *    - Y, U                  :  household's income and utility levels
  57  *
  58  *   Initial prices are included as an index with value 1 in the base-year
  59  *
  60   
  61  * ================================== Sets ================================
      ======
  62  Sets
  63           sec  sectors  /sec1, sec2 / ;
  64   
  65  Alias
  66           (sec,secc)
  67  ;
  68   
  69  * ================== Declaration of scalars and parameters ===============
      ======
  70   
  71  * Declaration of scalars and assignment of values
  72   
  73  Scalars
  74           PKZ initial return to capital      / 1 /
  75           PLZ initial wage rate              / 1 /
  76   
  77           KSZ initial capital endowment
  78           LSZ initial labor endowment
  79   
  80           YZ  initial  income level
  81           UZ  initial utility level for the household
  82  ;
  83   
  84  * Declaration of parameters and assignment of values
  85   
  86  Parameters
  87   
  88           PDZ(sec)       initial commodity price level    /sec1 1, sec2 1 /
  89   
  90   
  91           XDZ(sec)       initial gross production (output) level
  92   
  93           KZ(sec)        initial capital demand
  94           LZ(sec)        initial labor demand
  95           CZ(sec)        initial consumer commodity demand
  96   
  97           aF(sec)        efficiency parameter of the production function of
       firm(sec)
  98           alphaK(sec)    Cobb-Douglas power of K in the production function
       of firm(sec)
  99           alphaL(sec)    Cobb-Douglas power of L in the production function
       of firm(sec)
 100           alphaH(sec)    Cobb-Douglas power of commodity(sec)in household u
      tility function
 101  ;
 102   
 103  * ================= Data, initial values, and calibration ================
      ======
 104   
 105  * Data on capital, labor and consumer demand
 106   
 107  Table
 108       dataz(*,sec)
 109                   sec1    sec2
 110              KZ    60      50
 111              LZ    20      90
 112              CZ    80     140
 113  ;
 114   
 115  * Reading data and assigning initial values
 116   
 117           KZ(sec) = dataz("KZ",sec) ;
 118           LZ(sec) = dataz("LZ",sec) ;
 119           CZ(sec) = dataz("CZ",sec) ;
 120   
 121  * Factor endowments
 122   
 123           KSZ = sum(sec, KZ(sec)) ;
 124           LSZ = sum(sec, LZ(sec)) ;
 125   
 126  * Output
 127   
 128           XDZ(sec) =  PKZ*KZ(sec) + PLZ*LZ(sec) ;
 129   
 130  * Income = value added
 131   
 132           YZ = PKZ*KSZ + PLZ*LSZ  ;
 133   
 134  * Parameters of  Cobb-Douglas utility function) cf (1.23)
 135   
 136           alphaH(sec) =  PDZ(sec)*CZ(sec) / YZ ;
 137   
 138  * Ininitial utility level
 139   
 140           UZ = prod(sec, CZ(sec)**alphaH(sec)) ;
 141   
 142  * Parameters of Cobb-Douglas production function) cf (1.18) and (1.19) and
       (1.20)
 143   
 144           alphaK(sec) = PKZ*KZ(sec) / ( PKZ*KZ(sec) + PLZ*LZ(sec) ) ;
 145           alphaL(sec) = 1 - alphaK(sec) ;
 146           aF(sec) = XDZ(sec) / ( KZ(sec)**alphaK(sec) *LZ(sec)**alphaL(sec)
       );
 147   
 148  display
 149           alphaH
 150           alphaK
 151           alphaL
 152           aF
 153  ;
 154   
 155  * ===================== Declaration of model variables ===================
      =====
 156   
 157  Variables
 158   
 159           PK        return to capital
 160           PL        wage rate
 161           PD(sec)   commodity prices
 162   
 163   
 164           KS        capital endowment (exogenous)
 165           LS        labor endowment (exogenous)
 166           XD(sec)   gross output
 167   
 168           K(sec)    capital demand by firms
 169           L(sec)    labor demand by firms
 170           C(sec)    consumer commodity demand
 171   
 172           Y         household's income
 173   
 174           TRICK     artificial objective variable
 175  ;
 176   
 177  Positive variables
 178   
 179           PK, PL, PD, KS, LS, XD, K, L, C, Y    ;
 180   
 181  * ========================= Declaration of model equations ===============
      ===========
 182  * Declaration of the model equations according to specifications
 183  * and requirements described in EcoMod1E: Technical Notes
 184  * Further comments are included at the introduction of the specification
 185  * of the equations
 186   
 187  Equations
 188   
 189  * HOUSEHOLDS
 190   
 191                  EQC(sec)           consumer demand function for commodity
 192   
 193  * FIRMS
 194   
 195                  EQK(sec)           capital demand function firm
 196                  EQL(sec)           labor demand function firm
 197                  EQPROFIT(sec)      optimality condition for output (margin
      al rev = marginal cost)
 198   
 199   
 200  * MARKET CLEARING
 201   
 202                  EQMARKETL          market clearing for labor
 203                  EQMARKETK          market clearing for capital
 204                  EQMARKETC(sec)     market clearing for commodities
 205   
 206  * DEFINITIONS
 207   
 208                  EQINCOME           income
 209   
 210  * OBJECTIVE FUNCTION
 211   
 212                  OBJECTIVE          objective function
 213   
 214  ;
 215   
 216  * ======================= Specification of model equations ===============
      ====
 217  * Specification of Model Equations; numbers refer to EcoMod1E: Technical N
      otes
 218   
 219  * HOUSEHOLDS
 220  *   use the demand specifications  (1.1') and (1.2')
 221  *   NOTE: by definition of alphaH(sec) as budget shares their sum equals
 222  *         one as required for a constant returns to scale utility function
 223   
 224           EQC(sec)..    PD(sec)*C(sec) =E= alphaH(sec)*Y ;
 225   
 226   
 227  * FIRMS
 228  *   use the demand specifications (1.4) and (1.5)
 229   
 230          EQK(sec)..     K(sec)     =E=  ( XD(sec)/aF(sec) )*
 231                                         ( alphaK(sec)*PL/(alphaL(sec)*PK) )
      **alphaL(sec) ;
 232   
 233          EQL(sec)..     L(sec)     =E=  ( XD(sec)/aF(sec) )*
 234                                         ( alphaL(sec)*PK/(alphaK(sec)*PL) )
      **alphaK(sec)    ;
 235   
 236  * Zero profit (implicit supply) cf (1.7)
 237   
 238           EQPROFIT(sec).. PD(sec)*XD(sec) =E= PK*K(sec) + PL*L(sec) ;
 239   
 240  * MARKET CLEARING
 241  *  use market clearing conditions (1.10), (1.11), (1.8) and (1.9)
 242   
 243           EQMARKETL..      sum(sec, L(sec))  =E= LS ;
 244           EQMARKETK..      sum(sec, K(sec))  =E= KS ;
 245           EQMARKETC(sec).. C(sec)  =E= XD(sec);
 246   
 247  * DEFINITIONS
 248  * Income definition (1.12)
 249   
 250           EQINCOME..       Y =E= PK*KS + PL*LS ;
 251   
 252   
 253  * ARTIFICIAL OBJECTIVE
 254   
 255           OBJECTIVE..      TRICK =E= 1 ;
 256   
 257   
 258  * ======================= Model definition ==============================
 259  * The above set of equations augmented with closure equations and
 260  * the numeraire constitute the model in GAMS-code and this model is
 261  * called EcoMod1E in NLP (CNS)format and EcoMod1E_MCP in MCP format
 262   
 263  * Model declaration in NLP format
 264   
 265  Model EcoMod1E /
 266                  EQC
 267                  EQK
 268                  EQL
 269                  EQPROFIT
 270  *                EQMARKETL
 271                  EQMARKETK
 272                  EQMARKETC
 273                  EQINCOME
 274                  OBJECTIVE / ;
 275   
 276  * Model declaration in MCP format
 277   
 278  MODEL EcoMod1E_MCP /
 279                  EQC.C
 280                  EQK.K
 281                  EQL.L
 282                  EQPROFIT.XD
 283  *                EQMARKETL.PL
 284                  EQMARKETK.PK
 285                  EQMARKETC.PD
 286                  EQINCOME.Y / ;
 287   
 288   
      * EXERCISE 3
      * Comment out either capital market or labor market clearing equation
 293   
 294  * ===================== Variable initialization and bounds ===============
      ======
 295  * Include initial (equilibrium) levels for the endogenous variables
 296   
 297           PK.L       = PKZ     ;
 298           PL.L       = PLZ     ;
 299           PD.L(sec)  = PDZ(sec);
 300           XD.L(sec)  = XDZ(sec);
 301           K.L(sec)   = KZ(sec) ;
 302           L.L(sec)   = LZ(sec) ;
 303           C.L(sec)   = CZ(sec) ;
 304           Y.L        = YZ      ;
 305           Trick.L    = 1       ;
 306   
 307           XD.fx("sec1")  = 2*XDZ("sec1");
 308   
 309  * Include lower boundaries to prevent numerical problems in optimization
 310   
 311           PK.LO      = 0.001*PKZ     ;
 312           PL.LO      = 0.001*PLZ     ;
 313           PD.LO(sec) = 0.001*PDZ(sec);
 314           XD.LO(sec) = 0.001*XDZ(sec);
 315           K.LO(sec)  = 0.001*KZ(sec) ;
 316           L.LO(sec)  = 0.001*LZ(sec) ;
 317           C.LO(sec)  = 0.001*CZ(sec) ;
 318           Y.LO       = 0.001*YZ     ;
 319   
 320  * ==================== Model closure and numeraire =====================
 321   
 322  * Exogenously fixed: capital and labor endowments
 323   
 324      KS.FX = KSZ*1.2;
 325      LS.FX = LSZ*1.1;
 326   
 327  * Fixing of the numeraire
 328   
 329      PL.FX = PLZ*5;
 330   
      * EXERCISE 4
      * Homogeneity test
       
               PL.FX = 2*PLZ ;
 337   
 338   
      * EXERCISE 7
      * Policy simulation: increase labor supply by 5 percent
       
           LS.FX = 1.1*LSZ ;
       
 346   
 347  * =================== Model solution in different formats ===========
 348   
 349  *Option iterlim = 0 ;
 350  ecomod1E.holdfixed = 1 ;
 351  ecomod1E.TOLINFREP   = .001 ;
 352   
 353  option nlp = pathnlp ;
 354   
 355  Solve   EcoMod1E using NLP maximizing TRICK ;
 356  *Solve EcoMod1E using CNS;
 357  *Solve EcoMod1E_MCP USING MCP;
 358   
       
      * EXERCISE 6
      * Minimize objective function
       
               Solve EcoMod1E using NLP minimizing TRICK ;
       
 367   
 368  * ============================ Display Results ===========================
      ======
 369   
 370  * Calculate utility
 371   
 372  scalar U ;
 373   
 374           U = prod( sec,C.L(sec)**alphaH(sec) ) ;
 375   
 376   
 377  display
 378          KS.L
 379          LS.L
 380          PK.L
 381          PL.L
 382          PD.L
 383          K.L
 384          L.L
 385          XD.L
 386          C.L
 387          Y.L
 388          U
 389  ;
 390   
 391   
      * EXERCISE 7
      * Report percentage changes in variables induced by policy scenario
      * relative to the baseline scenario(index=100)
      * nomenclature: variablename_index
       
      scalars
       
               PK_index       index of return to capital
               PL_index       index of wage rate
               KS_index       index of capital endowment
               LS_index       index of labor endowment
                Y_index       index of household income
       
                U_index       index of utility level
      ;
       
                PK_index  = 100*(PK.L/PKZ-1) ;
                PL_index  = 100*(PL.L/PLZ-1) ;
                KS_index  = 100*(KS.L/KSZ-1) ;
                LS_index  = 100*(LS.L/LSZ-1) ;
                 Y_index  = 100*(Y.L/YZ-1) ;
       
                 U_index  = 100*(U/UZ-1)   ;
       
      parameters
       
               PD_index(sec)  price index
               XD_index(sec)  output index
               K_index(sec)   index of capital demand
               L_index(sec)   index of labor demand
               C_index(sec)   index of demand for commodities
      ;
       
                PD_index(sec) = 100*(PD.L(sec)/PDZ(sec)-1) ;
                XD_index(sec) = 100*(XD.L(sec)/XDZ(sec)-1) ;
                K_index(sec)  = 100*(K.L(sec)/KZ(sec)-1) ;
                L_index(sec)  = 100*(L.L(sec)/LZ(sec)-1) ;
                C_index(sec)  = 100*(C.L(sec)/CZ(sec)-1) ;
       
      display
       
      * Nominal variables
       
               PK_index
               PL_index
               PD_index
                Y_index
       
      * Real variables
       
               KS_index
               LS_index
               XD_index
                K_index
                L_index
                C_index
       
      * Utility change
       
                U_index
       
      ;
 456   
 457   
 458  *$ontext
 459  * EXERCISE 5
 460  * Check whether Walras Law holds
 461   
 462  scalar   walras ;
 463   
 464           walras = sum(sec, L.L(sec)) - LS.L ;
 465   
 466  display  walras ;
 467  *$offtext
 468   
 469  * End of GAMS code


COMPILATION TIME     =        0.000 SECONDS      3 MB  24.4.6 r52609 WEX-WEI
GAMS 24.4.6  r52609 Released Jun 26, 2015 WEX-WEI x86 64bit/MS Windows 03/03/17 09:16:13 Page 2
EcoMod1E
E x e c u t i o n


----    149 PARAMETER alphaH  Cobb-Douglas power of commodity(sec)in household u
                              tility function

sec1 0.364,    sec2 0.636


----    149 PARAMETER alphaK  Cobb-Douglas power of K in the production function
                              of firm(sec)

sec1 0.750,    sec2 0.357


----    149 PARAMETER alphaL  Cobb-Douglas power of L in the production function
                              of firm(sec)

sec1 0.250,    sec2 0.643


----    149 PARAMETER aF  efficiency parameter of the production function of fir
                          m(sec)

sec1 1.755,    sec2 1.919

GAMS 24.4.6  r52609 Released Jun 26, 2015 WEX-WEI x86 64bit/MS Windows 03/03/17 09:16:13 Page 3
EcoMod1E
Equation Listing    SOLVE EcoMod1E Using NLP From line 355


---- EQC  =E=  consumer demand function for commodity

EQC(sec1)..  (80)*PD(sec1) + (1)*C(sec1) - 0.363636363636364*Y =E= 0 ; (LHS = 0)
     
EQC(sec2)..  (140)*PD(sec2) + (1)*C(sec2) - 0.636363636363636*Y =E= 0 ;
     
      (LHS = 0)
     

---- EQK  =E=  capital demand function firm

EQK(sec1)..  (44.8604634366366)*PK - (1.12151158591591)*XD(sec1) + K(sec1) =E= 0
      ; (LHS = -119.441853746546, INFES = 119.441853746546 ****)
     
EQK(sec2)..  (90.4528672472339)*PK - (1.0050318583026)*XD(sec2) + K(sec2) =E= 0
      ; (LHS = -90.7044601623638, INFES = 90.7044601623638 ****)
     

---- EQL  =E=  labor demand function firm

EQL(sec1)..  - (8.97209268732732)*PK - (0.074767439061061)*XD(sec1) + L(sec1)
      =E= 0 ; (LHS = 8.03720975023024, INFES = 8.03720975023024 ****)
     
EQL(sec2)..  - (18.0905734494468)*PK - (0.361811468988936)*XD(sec2) + L(sec2)
      =E= 0 ; (LHS = 39.346394341549, INFES = 39.346394341549 ****)
     

---- EQPROFIT  =E=  optimality condition for output (marginal rev = marginal cos
                    t)

EQPROFIT(sec1)..  - (60)*PK + (160)*PD(sec1) + (1)*XD(sec1) - (1)*K(sec1)
     
      - 5*L(sec1) =E= 0 ; (LHS = 0)
     
EQPROFIT(sec2)..  - (50)*PK + (140)*PD(sec2) + (1)*XD(sec2) - (1)*K(sec2)
     
      - 5*L(sec2) =E= 0 ; (LHS = -360, INFES = 360 ****)
     

---- EQMARKETK  =E=  market clearing for capital

EQMARKETK..  K(sec1) + K(sec2) =E= 132 ; (LHS = 110, INFES = 22 ****)
     

---- EQMARKETC  =E=  market clearing for commodities

EQMARKETC(sec1)..  - XD(sec1) + C(sec1) =E= 0 ; (LHS = -80, INFES = 80 ****)
     
EQMARKETC(sec2)..  - XD(sec2) + C(sec2) =E= 0 ; (LHS = 0)
     

---- EQINCOME  =E=  income

EQINCOME..  - 132*PK + Y =E= 605 ; (LHS = 88, INFES = 517 ****)
     

---- OBJECTIVE  =E=  objective function

OBJECTIVE..  TRICK =E= 1 ; (LHS = 1)
     
GAMS 24.4.6  r52609 Released Jun 26, 2015 WEX-WEI x86 64bit/MS Windows 03/03/17 09:16:13 Page 4
EcoMod1E
Column Listing      SOLVE EcoMod1E Using NLP From line 355


---- PK  return to capital

PK
                (.LO, .L, .UP, .M = 0.001, 1, +INF, 0)
      (44.8605) EQK(sec1)
      (90.4529) EQK(sec2)
      (-8.9721) EQL(sec1)
     (-18.0906) EQL(sec2)
     (-60)      EQPROFIT(sec1)
     (-50)      EQPROFIT(sec2)
     -132       EQINCOME


---- PD  commodity prices

PD(sec1)
                (.LO, .L, .UP, .M = 0.001, 1, +INF, 0)
      (80)      EQC(sec1)
     (160)      EQPROFIT(sec1)

PD(sec2)
                (.LO, .L, .UP, .M = 0.001, 1, +INF, 0)
     (140)      EQC(sec2)
     (140)      EQPROFIT(sec2)


---- XD  gross output

XD(sec1)
                (.LO, .L, .UP, .M = 0.08, 160, 160, 0)
      (-1.1215) EQK(sec1)
      (-0.0748) EQL(sec1)
       (1)      EQPROFIT(sec1)
       -1       EQMARKETC(sec1)

XD(sec2)
                (.LO, .L, .UP, .M = 0.14, 140, +INF, 0)
      (-1.005)  EQK(sec2)
      (-0.3618) EQL(sec2)
       (1)      EQPROFIT(sec2)
       -1       EQMARKETC(sec2)


---- K  capital demand by firms

K(sec1)
                (.LO, .L, .UP, .M = 0.06, 60, +INF, 0)
        1       EQK(sec1)
      (-1)      EQPROFIT(sec1)
        1       EQMARKETK

K(sec2)
                (.LO, .L, .UP, .M = 0.05, 50, +INF, 0)
        1       EQK(sec2)
      (-1)      EQPROFIT(sec2)
        1       EQMARKETK


---- L  labor demand by firms

L(sec1)
                (.LO, .L, .UP, .M = 0.02, 20, +INF, 0)
        1       EQL(sec1)
       -5       EQPROFIT(sec1)

L(sec2)
                (.LO, .L, .UP, .M = 0.09, 90, +INF, 0)
        1       EQL(sec2)
       -5       EQPROFIT(sec2)


---- C  consumer commodity demand

C(sec1)
                (.LO, .L, .UP, .M = 0.08, 80, +INF, 0)
       (1)      EQC(sec1)
        1       EQMARKETC(sec1)

C(sec2)
                (.LO, .L, .UP, .M = 0.14, 140, +INF, 0)
       (1)      EQC(sec2)
        1       EQMARKETC(sec2)


---- Y  household's income

Y
                (.LO, .L, .UP, .M = 0.22, 220, +INF, 0)
       -0.3636  EQC(sec1)
       -0.6364  EQC(sec2)
        1       EQINCOME


---- TRICK  artificial objective variable

TRICK
                (.LO, .L, .UP, .M = -INF, 1, +INF, 0)
        1       OBJECTIVE

GAMS 24.4.6  r52609 Released Jun 26, 2015 WEX-WEI x86 64bit/MS Windows 03/03/17 09:16:13 Page 5
EcoMod1E
Model Statistics    SOLVE EcoMod1E Using NLP From line 355


MODEL STATISTICS

BLOCKS OF EQUATIONS           8     SINGLE EQUATIONS           13
BLOCKS OF VARIABLES           8     SINGLE VARIABLES           13
NON ZERO ELEMENTS            37     NON LINEAR N-Z             20
DERIVATIVE POOL              20     CONSTANT POOL              25
CODE LENGTH                  66


GENERATION TIME      =        0.015 SECONDS      4 MB  24.4.6 r52609 WEX-WEI


EXECUTION TIME       =        0.015 SECONDS      4 MB  24.4.6 r52609 WEX-WEI
GAMS 24.4.6  r52609 Released Jun 26, 2015 WEX-WEI x86 64bit/MS Windows 03/03/17 09:16:13 Page 6
EcoMod1E
Solution Report     SOLVE EcoMod1E Using NLP From line 355


               S O L V E      S U M M A R Y

     MODEL   EcoMod1E            OBJECTIVE  TRICK
     TYPE    NLP                 DIRECTION  MAXIMIZE
     SOLVER  PATHNLP             FROM LINE  355

**** SOLVER STATUS     1 Normal Completion         
**** MODEL STATUS      2 Locally Optimal           
**** OBJECTIVE VALUE                1.0000

 RESOURCE USAGE, LIMIT          0.203      1000.000
 ITERATION COUNT, LIMIT       361    2000000000
 EVALUATION ERRORS              0             0

---- EQU EQC  consumer demand function for commodity

        LOWER     LEVEL     UPPER    MARGINAL

sec1      .         .         .         EPS       
sec2      .         .         .         EPS       

---- EQU EQK  capital demand function firm

        LOWER     LEVEL     UPPER    MARGINAL

sec1      .         .         .         EPS       
sec2      .         .         .         EPS       

---- EQU EQL  labor demand function firm

        LOWER     LEVEL     UPPER    MARGINAL

sec1      .         .         .         EPS       
sec2      .         .         .         EPS       

---- EQU EQPROFIT  optimality condition for output (marginal rev = marginal cost
                   )

        LOWER     LEVEL     UPPER    MARGINAL

sec1      .         .         .         EPS       
sec2      .         .         .         EPS       

                       LOWER     LEVEL     UPPER    MARGINAL

---- EQU EQMARKETK    132.000   132.000   132.000      EPS       

  EQMARKETK  market clearing for capital

---- EQU EQMARKETC  market clearing for commodities

        LOWER     LEVEL     UPPER    MARGINAL

sec1      .         .         .         EPS       
sec2      .         .         .         EPS       

                       LOWER     LEVEL     UPPER    MARGINAL

---- EQU EQINCOME     605.000   605.000   605.000      EPS       
---- EQU OBJECTIVE      1.000     1.000     1.000     1.000      

  EQINCOME  income
  OBJECTIVE  objective function

                       LOWER     LEVEL     UPPER    MARGINAL

---- VAR PK             0.001     4.583     +INF       .         

  PK  return to capital

---- VAR PD  commodity prices

        LOWER     LEVEL     UPPER    MARGINAL

sec1     0.001     4.684     +INF       .         
sec2     0.001     4.847     +INF       .         

---- VAR XD  gross output

        LOWER     LEVEL     UPPER    MARGINAL

sec1     0.080    93.934   160.000      .         
sec2     0.140   158.861     +INF       .         

---- VAR K  capital demand by firms

        LOWER     LEVEL     UPPER    MARGINAL

sec1     0.060    72.000     +INF       .         
sec2     0.050    60.000     +INF       .         

---- VAR L  labor demand by firms

        LOWER     LEVEL     UPPER    MARGINAL

sec1     0.020    22.000     +INF       .         
sec2     0.090    99.000     +INF       .         

---- VAR C  consumer commodity demand

        LOWER     LEVEL     UPPER    MARGINAL

sec1     0.080    93.934     +INF       .         
sec2     0.140   158.861     +INF       .         

                       LOWER     LEVEL     UPPER    MARGINAL

---- VAR Y              0.220  1210.000     +INF       .         
---- VAR TRICK          -INF      1.000     +INF       .         

  Y  household's income
  TRICK  artificial objective variable


**** REPORT SUMMARY :        0     NONOPT
                             0 INFEASIBLE
                             0  UNBOUNDED
                             0     ERRORS
GAMS 24.4.6  r52609 Released Jun 26, 2015 WEX-WEI x86 64bit/MS Windows 03/03/17 09:16:13 Page 7
EcoMod1E
E x e c u t i o n


----    378 VARIABLE KS.L                  =      132.000  capital endowment (ex
                                                           ogenous)
            VARIABLE LS.L                  =      121.000  labor endowment (exog
                                                           enous)
            VARIABLE PK.L                  =        4.583  return to capital
            VARIABLE PL.L                  =        5.000  wage rate

----    378 VARIABLE PD.L  commodity prices

sec1 4.684,    sec2 4.847


----    378 VARIABLE K.L  capital demand by firms

sec1 72.000,    sec2 60.000


----    378 VARIABLE L.L  labor demand by firms

sec1 22.000,    sec2 99.000


----    378 VARIABLE XD.L  gross output

sec1  93.934,    sec2 158.861


----    378 VARIABLE C.L  consumer commodity demand

sec1  93.934,    sec2 158.861


----    378 VARIABLE Y.L                   =     1210.000  household's income
            PARAMETER U                    =      131.231  

----    466 PARAMETER walras               =  -2.8422E-14  


EXECUTION TIME       =        0.000 SECONDS      3 MB  24.4.6 r52609 WEX-WEI


USER: Yaqian Mu                                      G150107:0436AO-WIN
      Tsinghua University, Res. Centre for International EnvironmDC6727
      License for teaching and research at degree granting institutions


**** FILE SUMMARY

Input      C:\Users\hero\Desktop\EcoMod1E.gms
Output     E:\母亚乾在清华\清华学术\paper\Employment & Income\CHEER-model-clear\
           CHEER\EcoMod1E.lst
